
################################################################################

 PACKMOL - Packing optimization for the automated generation of
 starting configurations for molecular dynamics simulations.
 
                                                             Version 21.2.3 

################################################################################

  Packmol must be run with: packmol < inputfile.inp 

  Userguide at: http://m3g.iqm.unicamp.br/packmol 

  Reading input file... (Control-C aborts)
  Types of coordinate files specified: xyz
  Seed for random number generator:       814250
  Output file: clusters/dmso_dichloromethane_R50.xyz
  Reading coordinate file: source_geometries/dmso.xyz
  Reading coordinate file: source_geometries/dichloromethane.xyz
  Number of independent structures:            2
  The structures are: 
  Structure            1 :tier2-directive-jojo-v4; ORCA geometry archive(          10  atoms)
  Structure            2 :tier2-directive-jojo-v4; ORCA geometry archive(           5  atoms)
  Maximum number of GENCAN loops for all molecule packing:          400
  Distance tolerance:    2.0000000000000000     
  Number of molecules of type            1 :            1
  Number of molecules of type            2 :           50
  Total number of restrictions:            2
  Total number of atoms:          260
  Molecule tier2-directive-jojo-v4; ORCA geometry archive(           1 ) will be fixed.
  Total number of molecules:           51
  Number of fixed molecules:            1
  Number of free molecules:           50
  Number of variables:          300
  Total number of fixed atoms:           10
  Maximum internal distance of type            1 :    2.9360942384554867     
  All atoms must be within these coordinates: 
   x: [   -1000.0000000000000      ,    1000.0000000000000       ] 
   y: [   -1000.0000000000000      ,    1000.0000000000000       ] 
   z: [   -1000.0000000000000      ,    1000.0000000000000       ] 
  If the system is larger than this, increase the sidemax parameter. 

################################################################################

  Building initial approximation ... 

################################################################################

  Adjusting initial point to fit the constraints 

--------------------------------------------------------------------------------

--------------------------------------------------------------------------------

  Molecules of type:            2

  Packing:|0                                                        100%|
          |*********************

  Restraint-only function value:    6.7241545950430293E-005
  Maximum violation of the restraints:    4.7299297028036507E-005

--------------------------------------------------------------------------------

  Rescaling maximum and minimum coordinates... 
  Minimum and maximum coordinates after constraint fitting: 
   x: [   -10.253105623218541      ,    10.249822211458556       ] 
   y: [   -10.249942281972215      ,    10.256877448438777       ] 
   z: [   -10.249402112566008      ,    10.251199125233960       ] 
  Computing size of patches... 
  Number of cells in each direction and cell sides: 
   x:           11  cells of size    2.2639025304251907     
   y:           11  cells of size    2.2642563391282722     
   z:           11  cells of size    2.2636910216181789     
  Cell-system length:   24.90293  24.90682  24.90060
  Add fixed molecules to permanent arrays... 
  Reseting center of mass... 

--------------------------------------------------------------------------------

  Setting initial trial coordinates ... 

--------------------------------------------------------------------------------

--------------------------------------------------------------------------------

  Molecules of type:            2
  Adjusting random positions to fit the constraints. 
  Packing:|0                                                        100%|
          |***
  Restraint-only function value:    0.0000000000000000     
  Maximum violation of the restraints:    0.0000000000000000     

################################################################################

  Objective function at initial point:    346.04072465363180     

################################################################################

  Packing molecules of type:            2

################################################################################


--------------------------------------------------------------------------------

  Starting GENCAN loop:            0
  Scaling radii by:    1.1000000000000001     

  Packing:|0                                                        100%|
          |************************************************

  Function value from last GENCAN loop: f = .19878E-01
  Best function value before: f = .34604E+03
  Improvement from best function value:    99.99 %
  Improvement from last loop:    99.99 %
  Maximum violation of target distance:     0.000000
  Maximum violation of the constraints: .97909E-02
  Current structure written to file: clusters/dmso_dichloromethane_R50.xyz
--------------------------------------------------------------------------------
  Packing solved for molecules of type           2
  Objective function value:    1.9877872142705158E-002
  Maximum violation of target distance:    0.0000000000000000     
  Max. constraint violation:    9.7908834701370788E-003
--------------------------------------------------------------------------------

################################################################################

  Packing all molecules together 

################################################################################


  Initial approximation is a solution. Nothing to do. 

  Solution written to file: clusters/dmso_dichloromethane_R50.xyz

################################################################################

                                 Success! 
              Final objective function value: .13021E+00
              Maximum violation of target distance:   0.000000
              Maximum violation of the constraints: .97909E-02

--------------------------------------------------------------------------------

              Please cite this work if Packmol was useful: 

           L. Martinez, R. Andrade, E. G. Birgin, J. M. Martinez, 
         PACKMOL: A package for building initial configurations for
                   molecular dynamics simulations. 
        Journal of Computational Chemistry, 30(13) pp. 2157-2164, 2009.
                  https://doi.org/10.1002/jcc.21224

################################################################################

   Running time:    1.53370006E-02  seconds. 

--------------------------------------------------------------------------------


