
################################################################################

 PACKMOL - Packing optimization for the automated generation of
 starting configurations for molecular dynamics simulations.
 
                                                             Version 21.2.3 

################################################################################

  Packmol must be run with: packmol < inputfile.inp 

  Userguide at: http://m3g.iqm.unicamp.br/packmol 

  Reading input file... (Control-C aborts)
  Types of coordinate files specified: xyz
  Seed for random number generator:       814150
  Output file: clusters/thiophene_acetonitrile_R50.xyz
  Reading coordinate file: source_geometries/thiophene.xyz
  Reading coordinate file: source_geometries/acetonitrile.xyz
  Number of independent structures:            2
  The structures are: 
  Structure            1 :tier2-directive-jojo-v4; ORCA geometry archive(           9  atoms)
  Structure            2 :tier2-directive-jojo-v4; ORCA geometry archive(           6  atoms)
  Maximum number of GENCAN loops for all molecule packing:          400
  Distance tolerance:    2.0000000000000000     
  Number of molecules of type            1 :            1
  Number of molecules of type            2 :           50
  Total number of restrictions:            2
  Total number of atoms:          309
  Molecule tier2-directive-jojo-v4; ORCA geometry archive(           1 ) will be fixed.
  Total number of molecules:           51
  Number of fixed molecules:            1
  Number of free molecules:           50
  Number of variables:          300
  Total number of fixed atoms:            9
  Maximum internal distance of type            1 :    3.1367967860204993     
  All atoms must be within these coordinates: 
   x: [   -1000.0000000000000      ,    1000.0000000000000       ] 
   y: [   -1000.0000000000000      ,    1000.0000000000000       ] 
   z: [   -1000.0000000000000      ,    1000.0000000000000       ] 
  If the system is larger than this, increase the sidemax parameter. 

################################################################################

  Building initial approximation ... 

################################################################################

  Adjusting initial point to fit the constraints 

--------------------------------------------------------------------------------

--------------------------------------------------------------------------------

  Molecules of type:            2

  Packing:|0                                                        100%|
          |*********************

  Restraint-only function value:    1.3309230052804674E-002
  Maximum violation of the restraints:    6.8750076785834670E-003

--------------------------------------------------------------------------------

  Rescaling maximum and minimum coordinates... 
  Minimum and maximum coordinates after constraint fitting: 
   x: [   -9.8212927098841014      ,    9.7666681497517356       ] 
   y: [   -9.7530939626266413      ,    9.8329156660624726       ] 
   z: [   -9.7593916587157459      ,    9.7732869286626443       ] 
  Computing size of patches... 
  Number of cells in each direction and cell sides: 
   x:           10  cells of size    2.3987960859635837     
   y:           10  cells of size    2.3986009628689113     
   z:           10  cells of size    2.3932678587378389     
  Cell-system length:   23.98796  23.98601  23.93268
  Add fixed molecules to permanent arrays... 
  Reseting center of mass... 

--------------------------------------------------------------------------------

  Setting initial trial coordinates ... 

--------------------------------------------------------------------------------

--------------------------------------------------------------------------------

  Molecules of type:            2
  Adjusting random positions to fit the constraints. 
  Packing:|0                                                        100%|
          |***
  Restraint-only function value:    8.7654906922651783E-003
  Maximum violation of the restraints:    8.2741071594915703E-003

################################################################################

  Objective function at initial point:    791.88544871743750     

################################################################################

  Packing molecules of type:            2

################################################################################


--------------------------------------------------------------------------------

  Starting GENCAN loop:            0
  Scaling radii by:    1.1000000000000001     

  Packing:|0                                                        100%|
          |*********************

  Function value from last GENCAN loop: f = .65931E-02
  Best function value before: f = .79189E+03
  Improvement from best function value:    99.99 %
  Improvement from last loop:    99.99 %
  Maximum violation of target distance:     0.000000
  Maximum violation of the constraints: .52608E-02
  Current structure written to file: clusters/thiophene_acetonitrile_R50.xyz
--------------------------------------------------------------------------------
  Packing solved for molecules of type           2
  Objective function value:    6.5931399058427147E-003
  Maximum violation of target distance:    0.0000000000000000     
  Max. constraint violation:    5.2608090035204799E-003
--------------------------------------------------------------------------------

################################################################################

  Packing all molecules together 

################################################################################


  Initial approximation is a solution. Nothing to do. 

  Solution written to file: clusters/thiophene_acetonitrile_R50.xyz

################################################################################

                                 Success! 
              Final objective function value: .26618E+00
              Maximum violation of target distance:   0.000000
              Maximum violation of the constraints: .52608E-02

--------------------------------------------------------------------------------

              Please cite this work if Packmol was useful: 

           L. Martinez, R. Andrade, E. G. Birgin, J. M. Martinez, 
         PACKMOL: A package for building initial configurations for
                   molecular dynamics simulations. 
        Journal of Computational Chemistry, 30(13) pp. 2157-2164, 2009.
                  https://doi.org/10.1002/jcc.21224

################################################################################

   Running time:    1.00220004E-02  seconds. 

--------------------------------------------------------------------------------


