
################################################################################

 PACKMOL - Packing optimization for the automated generation of
 starting configurations for molecular dynamics simulations.
 
                                                             Version 21.2.3 

################################################################################

  Packmol must be run with: packmol < inputfile.inp 

  Userguide at: http://m3g.iqm.unicamp.br/packmol 

  Reading input file... (Control-C aborts)
  Types of coordinate files specified: xyz
  Seed for random number generator:    718323873
  Output file: clusters/acetonitrile__self_R5.xyz
  Reading coordinate file: source_geometries/validation_acetonitrile_q0.xyz
  Reading coordinate file: source_geometries/validation_acetonitrile_q0.xyz
  Number of independent structures:            2
  The structures are: 
  Structure            1 :extracted from validation/runs/20260724-jhtvs-validation-v1/tier2/baseline/jv-seox-001_q0/jv-seox-001_q0__baseline-v1.out(           6  atoms)
  Structure            2 :extracted from validation/runs/20260724-jhtvs-validation-v1/tier2/baseline/jv-seox-001_q0/jv-seox-001_q0__baseline-v1.out(           6  atoms)
  Maximum number of GENCAN loops for all molecule packing:          400
  Distance tolerance:    2.0000000000000000     
  Number of molecules of type            1 :            1
  Number of molecules of type            2 :            5
  Total number of restrictions:            2
  Total number of atoms:           36
  Molecule extracted from validation/runs/20260724-jhtvs-validation-v1/tier2/baseline/jv-seox-001_q0/jv-seox-001_q0__baseline-v1.out(           1 ) will be fixed.
  Total number of molecules:            6
  Number of fixed molecules:            1
  Number of free molecules:            5
  Number of variables:           30
  Total number of fixed atoms:            6
  Maximum internal distance of type            1 :    3.1566394502023827     
  All atoms must be within these coordinates: 
   x: [   -1000.0000000000000      ,    1000.0000000000000       ] 
   y: [   -1000.0000000000000      ,    1000.0000000000000       ] 
   z: [   -1000.0000000000000      ,    1000.0000000000000       ] 
  If the system is larger than this, increase the sidemax parameter. 

################################################################################

  Building initial approximation ... 

################################################################################

  Adjusting initial point to fit the constraints 

--------------------------------------------------------------------------------

--------------------------------------------------------------------------------

  Molecules of type:            2

  Packing:|0                                                        100%|
          |************************

  Restraint-only function value:    1.0429441209843471E-005
  Maximum violation of the restraints:    8.4116650822635997E-006

--------------------------------------------------------------------------------

  Rescaling maximum and minimum coordinates... 
  Minimum and maximum coordinates after constraint fitting: 
   x: [   -5.5479179220912966      ,    5.5206809420628176       ] 
   y: [   -5.5529002870689403      ,    5.5216756660665354       ] 
   z: [   -5.5514204844693200      ,    5.5496706324684215       ] 
  Computing size of patches... 
  Number of cells in each direction and cell sides: 
   x:            6  cells of size    2.5780998106923523     
   y:            6  cells of size    2.5790959921892460     
   z:            6  cells of size    2.5835151861562902     
  Cell-system length:   15.46860  15.47458  15.50109
  Add fixed molecules to permanent arrays... 
  Reseting center of mass... 

--------------------------------------------------------------------------------

  Setting initial trial coordinates ... 

--------------------------------------------------------------------------------

--------------------------------------------------------------------------------

  Molecules of type:            2
  Adjusting random positions to fit the constraints. 
  Packing:|0                                                        100%|
          |***
  Restraint-only function value:    0.0000000000000000     
  Maximum violation of the restraints:    0.0000000000000000     

################################################################################

  Objective function at initial point:    87.451417877871449     

################################################################################

  Packing molecules of type:            2

################################################################################


--------------------------------------------------------------------------------

  Starting GENCAN loop:            0
  Scaling radii by:    1.1000000000000001     

  Packing:|0                                                        100%|
          |*********

  Function value from last GENCAN loop: f = .51557E-05
  Best function value before: f = .87451E+02
  Improvement from best function value:    99.99 %
  Improvement from last loop:    99.99 %
  Maximum violation of target distance:     0.000000
  Maximum violation of the constraints: .51557E-05
  Current structure written to file: clusters/acetonitrile__self_R5.xyz
--------------------------------------------------------------------------------
  Packing solved for molecules of type           2
  Objective function value:    5.1556857217909338E-006
  Maximum violation of target distance:    0.0000000000000000     
  Max. constraint violation:    5.1556857217909338E-006
--------------------------------------------------------------------------------

################################################################################

  Packing all molecules together 

################################################################################


  Initial approximation is a solution. Nothing to do. 

  Solution written to file: clusters/acetonitrile__self_R5.xyz

################################################################################

                                 Success! 
              Final objective function value: .51557E-05
              Maximum violation of target distance:   0.000000
              Maximum violation of the constraints: .51557E-05

--------------------------------------------------------------------------------

              Please cite this work if Packmol was useful: 

           L. Martinez, R. Andrade, E. G. Birgin, J. M. Martinez, 
         PACKMOL: A package for building initial configurations for
                   molecular dynamics simulations. 
        Journal of Computational Chemistry, 30(13) pp. 2157-2164, 2009.
                  https://doi.org/10.1002/jcc.21224

################################################################################

   Running time:    1.68000069E-03  seconds. 

--------------------------------------------------------------------------------


