
################################################################################

 PACKMOL - Packing optimization for the automated generation of
 starting configurations for molecular dynamics simulations.
 
                                                             Version 21.2.3 

################################################################################

  Packmol must be run with: packmol < inputfile.inp 

  Userguide at: http://m3g.iqm.unicamp.br/packmol 

  Reading input file... (Control-C aborts)
  Types of coordinate files specified: xyz
  Seed for random number generator:   1104368645
  Output file: clusters/clo4__acetonitrile_R5.xyz
  Reading coordinate file: source_geometries/current_clo4_acetonitrile_qm1.xyz
  Reading coordinate file: source_geometries/current_acetonitrile_q0.xyz
  Number of independent structures:            2
  The structures are: 
  Structure            1 :tier2-directive-jojo-v4; ORCA geometry archive(           5  atoms)
  Structure            2 :tier2-directive-jojo-v4; ORCA geometry archive(           6  atoms)
  Maximum number of GENCAN loops for all molecule packing:          400
  Distance tolerance:    2.0000000000000000     
  Number of molecules of type            1 :            1
  Number of molecules of type            2 :            5
  Total number of restrictions:            2
  Total number of atoms:           35
  Molecule tier2-directive-jojo-v4; ORCA geometry archive(           1 ) will be fixed.
  Total number of molecules:            6
  Number of fixed molecules:            1
  Number of free molecules:            5
  Number of variables:           30
  Total number of fixed atoms:            5
  Maximum internal distance of type            1 :    3.1367967860204993     
  All atoms must be within these coordinates: 
   x: [   -1000.0000000000000      ,    1000.0000000000000       ] 
   y: [   -1000.0000000000000      ,    1000.0000000000000       ] 
   z: [   -1000.0000000000000      ,    1000.0000000000000       ] 
  If the system is larger than this, increase the sidemax parameter. 

################################################################################

  Building initial approximation ... 

################################################################################

  Adjusting initial point to fit the constraints 

--------------------------------------------------------------------------------

--------------------------------------------------------------------------------

  Molecules of type:            2

  Packing:|0                                                        100%|
          |***************

  Restraint-only function value:    1.1706506729818520E-002
  Maximum violation of the restraints:    9.5237586336104855E-003

--------------------------------------------------------------------------------

  Rescaling maximum and minimum coordinates... 
  Minimum and maximum coordinates after constraint fitting: 
   x: [   -5.6475897465598228      ,    1.4399643688999999       ] 
   y: [   -5.5538270861900179      ,    5.5641310430658173       ] 
   z: [   -5.5827319141902931      ,    5.5540374533444119       ] 
  Computing size of patches... 
  Number of cells in each direction and cell sides: 
   x:            5  cells of size    2.2975108230919643     
   y:            6  cells of size    2.5863263548759723     
   z:            6  cells of size    2.5894615612557845     
  Cell-system length:   11.48755  15.51796  15.53677
  Add fixed molecules to permanent arrays... 
  Reseting center of mass... 

--------------------------------------------------------------------------------

  Setting initial trial coordinates ... 

--------------------------------------------------------------------------------

--------------------------------------------------------------------------------

  Molecules of type:            2
  Adjusting random positions to fit the constraints. 
  Packing:|0                                                        100%|
          |***
  Restraint-only function value:    1.1468488446894402E-002
  Maximum violation of the restraints:    9.9951899871378487E-003

################################################################################

  Objective function at initial point:    131.62578896332360     

################################################################################

  Packing molecules of type:            2

################################################################################


--------------------------------------------------------------------------------

  Starting GENCAN loop:            0
  Scaling radii by:    1.1000000000000001     

  Packing:|0                                                        100%|
          |************************

  Function value from last GENCAN loop: f = .17358E-02
  Best function value before: f = .13163E+03
  Improvement from best function value:    99.99 %
  Improvement from last loop:    99.99 %
  Maximum violation of target distance:     0.000000
  Maximum violation of the constraints: .94375E-03
  Current structure written to file: clusters/clo4__acetonitrile_R5.xyz
--------------------------------------------------------------------------------
  Packing solved for molecules of type           2
  Objective function value:    1.7358398422203884E-003
  Maximum violation of target distance:    0.0000000000000000     
  Max. constraint violation:    9.4374595542365302E-004
--------------------------------------------------------------------------------

################################################################################

  Packing all molecules together 

################################################################################


  Initial approximation is a solution. Nothing to do. 

  Solution written to file: clusters/clo4__acetonitrile_R5.xyz

################################################################################

                                 Success! 
              Final objective function value: .28223E-01
              Maximum violation of target distance:   0.000000
              Maximum violation of the constraints: .94375E-03

--------------------------------------------------------------------------------

              Please cite this work if Packmol was useful: 

           L. Martinez, R. Andrade, E. G. Birgin, J. M. Martinez, 
         PACKMOL: A package for building initial configurations for
                   molecular dynamics simulations. 
        Journal of Computational Chemistry, 30(13) pp. 2157-2164, 2009.
                  https://doi.org/10.1002/jcc.21224

################################################################################

   Running time:    1.91999972E-03  seconds. 

--------------------------------------------------------------------------------


