
################################################################################

 PACKMOL - Packing optimization for the automated generation of
 starting configurations for molecular dynamics simulations.
 
                                                             Version 21.2.3 

################################################################################

  Packmol must be run with: packmol < inputfile.inp 

  Userguide at: http://m3g.iqm.unicamp.br/packmol 

  Reading input file... (Control-C aborts)
  Types of coordinate files specified: xyz
  Seed for random number generator:    742296423
  Output file: clusters/gamma_butyrolactone__self_R5.xyz
  Reading coordinate file: source_geometries/validation_gbl_q0.xyz
  Reading coordinate file: source_geometries/validation_gbl_q0.xyz
  Number of independent structures:            2
  The structures are: 
  Structure            1 :extracted from validation/runs/20260726-jhtvs-validation-redox-custom-smd-v2/tier2/baseline/jv-seox-004_q0/jv-seox-004_q0__baseline-v1.out(          12  atoms)
  Structure            2 :extracted from validation/runs/20260726-jhtvs-validation-redox-custom-smd-v2/tier2/baseline/jv-seox-004_q0/jv-seox-004_q0__baseline-v1.out(          12  atoms)
  Maximum number of GENCAN loops for all molecule packing:          400
  Distance tolerance:    2.0000000000000000     
  Number of molecules of type            1 :            1
  Number of molecules of type            2 :            5
  Total number of restrictions:            2
  Total number of atoms:           72
  Molecule extracted from validation/runs/20260726-jhtvs-validation-redox-custom-smd-v2/tier2/baseline/jv-seox-004_q0/jv-seox-004_q0__baseline-v1.out(           1 ) will be fixed.
  Total number of molecules:            6
  Number of fixed molecules:            1
  Number of free molecules:            5
  Number of variables:           30
  Total number of fixed atoms:           12
  Maximum internal distance of type            1 :    4.4822940726835405     
  All atoms must be within these coordinates: 
   x: [   -1000.0000000000000      ,    1000.0000000000000       ] 
   y: [   -1000.0000000000000      ,    1000.0000000000000       ] 
   z: [   -1000.0000000000000      ,    1000.0000000000000       ] 
  If the system is larger than this, increase the sidemax parameter. 

################################################################################

  Building initial approximation ... 

################################################################################

  Adjusting initial point to fit the constraints 

--------------------------------------------------------------------------------

--------------------------------------------------------------------------------

  Molecules of type:            2

  Packing:|0                                                        100%|
          |*********************

  Restraint-only function value:    0.0000000000000000     
  Maximum violation of the restraints:    0.0000000000000000     

--------------------------------------------------------------------------------

  Rescaling maximum and minimum coordinates... 
  Minimum and maximum coordinates after constraint fitting: 
   x: [   -6.4643079909048842      ,    6.6293318988215519       ] 
   y: [   -6.6451246332863994      ,    6.6905852539219781       ] 
   z: [   -6.6749811675267239      ,    6.6776004318751090       ] 
  Computing size of patches... 
  Number of cells in each direction and cell sides: 
   x:            7  cells of size    2.4990914128180628     
   y:            7  cells of size    2.5336728410297686     
   z:            7  cells of size    2.5360830856288330     
  Cell-system length:   17.49364  17.73571  17.75258
  Add fixed molecules to permanent arrays... 
  Reseting center of mass... 

--------------------------------------------------------------------------------

  Setting initial trial coordinates ... 

--------------------------------------------------------------------------------

--------------------------------------------------------------------------------

  Molecules of type:            2
  Adjusting random positions to fit the constraints. 
  Packing:|0                                                        100%|
          |***
  Restraint-only function value:    0.0000000000000000     
  Maximum violation of the restraints:    0.0000000000000000     

################################################################################

  Objective function at initial point:    474.75310995051490     

################################################################################

  Packing molecules of type:            2

################################################################################


--------------------------------------------------------------------------------

  Starting GENCAN loop:            0
  Scaling radii by:    1.1000000000000001     

  Packing:|0                                                        100%|
          |************************************

  Function value from last GENCAN loop: f = .80627E-02
  Best function value before: f = .47475E+03
  Improvement from best function value:    99.99 %
  Improvement from last loop:    99.99 %
  Maximum violation of target distance:     0.000000
  Maximum violation of the constraints: .80627E-02
  Current structure written to file: clusters/gamma_butyrolactone__self_R5.xyz
--------------------------------------------------------------------------------
  Packing solved for molecules of type           2
  Objective function value:    8.0627372502899974E-003
  Maximum violation of target distance:    0.0000000000000000     
  Max. constraint violation:    8.0627372502899974E-003
--------------------------------------------------------------------------------

################################################################################

  Packing all molecules together 

################################################################################


  Initial approximation is a solution. Nothing to do. 

  Solution written to file: clusters/gamma_butyrolactone__self_R5.xyz

################################################################################

                                 Success! 
              Final objective function value: .47439E-01
              Maximum violation of target distance:   0.000000
              Maximum violation of the constraints: .80627E-02

--------------------------------------------------------------------------------

              Please cite this work if Packmol was useful: 

           L. Martinez, R. Andrade, E. G. Birgin, J. M. Martinez, 
         PACKMOL: A package for building initial configurations for
                   molecular dynamics simulations. 
        Journal of Computational Chemistry, 30(13) pp. 2157-2164, 2009.
                  https://doi.org/10.1002/jcc.21224

################################################################################

   Running time:    6.04399852E-03  seconds. 

--------------------------------------------------------------------------------


